// Jest Snapshot v1, https://goo.gl/fbAQLP

exports[`Pruebas en <CounterApp> mostrar <CounterApp> 1`] = `
<div
  className="main"
>
  <h1>
    CounterApp
  </h1>
  <h2>
    10
  </h2>
  <div
    className="buttonpad"
  >
    <button
      onClick={[Function]}
    >
      +
    </button>
    <button
      onClick={[Function]}
    >
      Reset
    </button>
    <button
      onClick={[Function]}
    >
      -
    </button>
  </div>
</div>
`;
